\BOOKMARK [0][-]{chapter.1}{\376\377\000B\000e\000v\000e\000z\000e\000t\001\121}{}% 1
\BOOKMARK [0][-]{chapter.2}{\376\377\000C\000\351\000l\000k\000i\000t\001\161\000z\000\351\000s\000e\000k}{}% 2
\BOOKMARK [0][-]{chapter.3}{\376\377\000E\000l\000m\000\351\000l\000e\000t\000i\000\040\000m\000e\000g\000a\000l\000a\000p\000o\000z\000\341\000s\000\040\000\351\000s\000\040\000b\000i\000b\000l\000i\000o\000g\000r\000\341\000f\000i\000a\000i\000\040\000t\000a\000n\000u\000l\000m\000\341\000n\000y}{}% 3
\BOOKMARK [1][-]{section.3.1}{\376\377\000A\000\040\000k\000\366\000z\000l\000e\000k\000e\000d\000\351\000s\000i\000\040\000r\000e\000n\000d\000s\000z\000e\000r\000e\000k\000\040\000\351\000s\000\040\000a\000\040\000j\000\366\000v\001\121\000b\000e\000l\000i\000\040\000t\000r\000e\000n\000d\000e\000k}{chapter.3}% 4
\BOOKMARK [1][-]{section.3.2}{\376\377\000H\000a\000s\000o\000n\000l\000\363\000\040\000a\000l\000k\000a\000l\000m\000a\000z\000\341\000s\000o\000k}{chapter.3}% 5
\BOOKMARK [2][-]{subsection.3.2.1}{\376\377\000H\000a\000t\000\341\000s\000o\000k\000\040\000a\000\040\000k\000\366\000z\000l\000e\000k\000e\000d\000\351\000s\000i\000\040\000r\000e\000n\000d\000s\000z\000e\000r\000r\000e}{section.3.2}% 6
\BOOKMARK [2][-]{subsection.3.2.2}{\376\377\000M\000o\000o\000v\000i\000t\000\040\000b\000a\000c\000k\000e\000n\000d\000\040\000s\000t\000r\000u\000k\000t\000\372\000r\000a}{section.3.2}% 7
\BOOKMARK [1][-]{section.3.3}{\376\377\000B\000a\000c\000k\000e\000n\000d\000\040\000a\000r\000c\000h\000i\000t\000e\000k\000t\000\372\000r\000a\000\040\000\351\000s\000\040\000t\000e\000c\000h\000n\000o\000l\000\363\000g\000i\000a\000i\000\040\000h\000\341\000t\000t\000\351\000r}{chapter.3}% 8
\BOOKMARK [2][-]{subsection.3.3.1}{\376\377\000R\000E\000S\000T\000\040\000A\000P\000I\000\040\000\351\000s\000\040\000H\000T\000T\000P\000\040\000m\001\161\000k\000\366\000d\000\351\000s\000e}{section.3.3}% 9
\BOOKMARK [2][-]{subsection.3.3.2}{\376\377\000B\000a\000c\000k\000e\000n\000d\000\040\000a\000r\000c\000h\000i\000t\000e\000k\000t\000\372\000r\000\341\000k}{section.3.3}% 10
\BOOKMARK [2][-]{subsection.3.3.3}{\376\377\000A\000d\000a\000t\000b\000\341\000z\000i\000s\000-\000k\000e\000z\000e\000l\000\351\000s\000\040\000\351\000s\000\040\000s\000k\000\341\000l\000\341\000z\000h\000a\000t\000\363\000s\000\341\000g}{section.3.3}% 11
\BOOKMARK [0][-]{chapter.4}{\376\377\000R\000e\000n\000d\000s\000z\000e\000r\000\040\000s\000p\000e\000c\000i\000f\000i\000k\000\341\000c\000i\000\363\000i}{}% 12
\BOOKMARK [1][-]{section.4.1}{\376\377\000F\000e\000l\000h\000a\000s\000z\000n\000\341\000l\000\363\000i\000\040\000k\000\366\000v\000e\000t\000e\000l\000m\000\351\000n\000y\000e\000k}{chapter.4}% 13
\BOOKMARK [2][-]{subsection.4.1.1}{\376\377\000F\000e\000l\000h\000a\000s\000z\000n\000\341\000l\000\363\000i\000\040\000w\000e\000b\000o\000l\000d\000a\000l}{section.4.1}% 14
\BOOKMARK [2][-]{subsection.4.1.2}{\376\377\000A\000d\000m\000i\000n\000\040\000f\000e\000l\000\374\000l\000e\000t}{section.4.1}% 15
\BOOKMARK [2][-]{subsection.4.1.3}{\376\377\000M\000o\000b\000i\000l\000\040\000a\000p\000p\000l\000i\000k\000\341\000c\000i\000\363}{section.4.1}% 16
\BOOKMARK [2][-]{subsection.4.1.4}{\376\377\000P\000O\000S\000\040\000t\000e\000r\000m\000i\000n\000\341\000l\000\040\000a\000l\000k\000a\000l\000m\000a\000z\000\341\000s}{section.4.1}% 17
\BOOKMARK [1][-]{section.4.2}{\376\377\000R\000e\000n\000d\000s\000z\000e\000r\000k\000\366\000v\000e\000t\000e\000l\000m\000\351\000n\000y\000e\000k}{chapter.4}% 18
\BOOKMARK [2][-]{subsection.4.2.1}{\376\377\000F\000u\000n\000k\000c\000i\000o\000n\000\341\000l\000i\000s\000\040\000k\000\366\000v\000e\000t\000e\000l\000m\000\351\000n\000y\000e\000k}{section.4.2}% 19
\BOOKMARK [2][-]{subsection.4.2.2}{\376\377\000N\000e\000m\000-\000f\000u\000n\000k\000c\000i\000o\000n\000\341\000l\000i\000s\000\040\000k\000\366\000v\000e\000t\000e\000l\000m\000\351\000n\000y\000e\000k}{section.4.2}% 20
\BOOKMARK [0][-]{chapter.5}{\376\377\000A\000\040\000r\000e\000n\000d\000s\000z\000e\000r\000\040\000r\000\351\000s\000z\000l\000e\000t\000e\000s\000\040\000l\000e\000\355\000r\000\341\000s\000a}{}% 21
\BOOKMARK [1][-]{section.5.1}{\376\377\000T\000e\000c\000h\000n\000o\000l\000\363\000g\000i\000a\000i\000\040\000h\000\341\000t\000t\000\351\000r}{chapter.5}% 22
\BOOKMARK [2][-]{subsection.5.1.1}{\376\377\000R\000u\000b\000y\000\040\000o\000n\000\040\000R\000a\000i\000l\000s}{section.5.1}% 23
\BOOKMARK [2][-]{subsection.5.1.2}{\376\377\000P\000o\000s\000t\000g\000r\000e\000S\000Q\000L}{section.5.1}% 24
\BOOKMARK [2][-]{subsection.5.1.3}{\376\377\000A\000z\000u\000r\000e}{section.5.1}% 25
\BOOKMARK [1][-]{section.5.2}{\376\377\000A\000z\000\040\000A\000P\000I\000\040\000f\000e\000l\000\351\000p\000\355\000t\000\351\000s\000e}{chapter.5}% 26
\BOOKMARK [1][-]{section.5.3}{\376\377\000E\000n\000d\000p\000o\000i\000n\000t\000o\000k\000\040\000r\000\351\000s\000z\000l\000e\000t\000e\000s\000\040\000l\000e\000\355\000r\000\341\000s\000a}{chapter.5}% 27
\BOOKMARK [2][-]{subsection.5.3.1}{\376\377\000G\000E\000T\000\040\000/\000g\000e\000t\000\137\000s\000t\000a\000t\000i\000o\000n\000s\000\137\000b\000y\000\137\000c\000i\000t\000y}{section.5.3}% 28
\BOOKMARK [2][-]{subsection.5.3.2}{\376\377\000H\000i\000t\000e\000l\000e\000s\000\355\000t\000\351\000s\000\040\000\351\000s\000\040\000j\000o\000g\000o\000s\000u\000l\000t\000s\000\341\000g\000k\000e\000z\000e\000l\000\351\000s}{section.5.3}% 29
\BOOKMARK [1][-]{section.5.4}{\376\377\000A\000d\000a\000t\000k\000e\000z\000e\000l\000\351\000s\000\040\000\351\000s\000\040\000a\000d\000a\000t\000b\000\341\000z\000i\000s\000\040\000k\000a\000p\000c\000s\000o\000l\000a\000t}{chapter.5}% 30
\BOOKMARK [2][-]{subsection.5.4.1}{\376\377\000A\000d\000a\000t\000b\000\341\000z\000i\000s\000\040\000t\000\341\000b\000l\000\341\000k}{section.5.4}% 31
\BOOKMARK [2][-]{subsection.5.4.2}{\376\377\000O\000b\000j\000e\000k\000t\000u\000m\000-\000r\000e\000l\000\341\000c\000i\000\363\000s\000\040\000l\000e\000k\000\351\000p\000z\000\351\000s\000\040\000\050\000O\000R\000M\000\051}{section.5.4}% 32
\BOOKMARK [1][-]{section.5.5}{\376\377\000P\000r\000o\000j\000e\000k\000t\000m\000e\000n\000e\000d\000z\000s\000m\000e\000n\000t\000\040\000\351\000s\000\040\000v\000e\000r\000z\000i\000\363\000k\000\366\000v\000e\000t\000\351\000s}{chapter.5}% 33
\BOOKMARK [2][-]{subsection.5.5.1}{\376\377\000J\000i\000r\000a}{section.5.5}% 34
\BOOKMARK [2][-]{subsection.5.5.2}{\376\377\000G\000i\000t\000\040\000\351\000s\000\040\000G\000i\000t\000H\000u\000b}{section.5.5}% 35
\BOOKMARK [0][-]{chapter.6}{\376\377\000I\000n\000f\000r\000a\000s\000t\000r\000u\000k\000t\000\372\000r\000a}{}% 36
\BOOKMARK [1][-]{section.6.1}{\376\377\000A\000z\000u\000r\000e\000\040\000i\000n\000f\000r\000a\000s\000t\000r\000u\000k\000t\000\372\000r\000a\000\040\000\341\000t\000t\000e\000k\000i\000n\000t\000\351\000s\000e}{chapter.6}% 37
\BOOKMARK [1][-]{section.6.2}{\376\377\000D\000o\000m\000a\000i\000n\000\040\000k\000o\000n\000f\000i\000g\000u\000r\000\341\000c\000i\000\363}{chapter.6}% 38
\BOOKMARK [1][-]{section.6.3}{\376\377\000A\000d\000a\000t\000b\000\341\000z\000i\000s\000\040\000t\000e\000l\000e\000p\000\355\000t\000\351\000s\000e\000\040\000\351\000s\000\040\000k\000o\000n\000f\000i\000g\000u\000r\000\341\000c\000i\000\363\000j\000a}{chapter.6}% 39
\BOOKMARK [1][-]{section.6.4}{\376\377\000S\000z\000e\000r\000v\000e\000r\000\040\000t\000e\000l\000e\000p\000\355\000t\000\351\000s\000e}{chapter.6}% 40
\BOOKMARK [0][-]{chapter.7}{\376\377\000A\000z\000\040\000a\000l\000k\000a\000l\000m\000a\000z\000\341\000s\000\040\000m\001\161\000k\000\366\000d\000\351\000s\000e}{}% 41
\BOOKMARK [1][-]{section.7.1}{\376\377\000F\000e\000l\000h\000a\000s\000z\000n\000\341\000l\000\363\000i\000\040\000f\000e\000l\000\374\000l\000e\000t}{chapter.7}% 42
\BOOKMARK [2][-]{subsection.7.1.1}{\376\377\000F\001\121\000o\000l\000d\000a\000l}{section.7.1}% 43
\BOOKMARK [2][-]{subsection.7.1.2}{\376\377\000J\000e\000g\000y\000e\000k}{section.7.1}% 44
\BOOKMARK [2][-]{subsection.7.1.3}{\376\377\000M\000e\000n\000e\000t\000r\000e\000n\000d}{section.7.1}% 45
\BOOKMARK [2][-]{subsection.7.1.4}{\376\377\000M\000e\000g\000\341\000l\000l\000\363\000k\000\040\000\351\000s\000\040\000t\000\351\000r\000k\000\351\000p}{section.7.1}% 46
\BOOKMARK [1][-]{section.7.2}{\376\377\000A\000d\000m\000i\000n\000i\000s\000z\000t\000r\000\341\000c\000i\000\363\000s\000\040\000f\000e\000l\000\374\000l\000e\000t}{chapter.7}% 47
\BOOKMARK [2][-]{subsection.7.2.1}{\376\377\000K\000e\000z\000d\001\121\000l\000a\000p}{section.7.2}% 48
\BOOKMARK [2][-]{subsection.7.2.2}{\376\377\000M\000e\000g\000\341\000l\000l\000\363\000k}{section.7.2}% 49
\BOOKMARK [2][-]{subsection.7.2.3}{\376\377\000\332\000t\000v\000o\000n\000a\000l\000a\000k}{section.7.2}% 50
\BOOKMARK [2][-]{subsection.7.2.4}{\376\377\000M\000e\000n\000e\000t\000r\000e\000n\000d}{section.7.2}% 51
\BOOKMARK [2][-]{subsection.7.2.5}{\376\377\000B\000u\000s\000z\000o\000k\000\040\000\351\000s\000\040\000a\000l\000k\000a\000l\000m\000a\000z\000o\000t\000t\000a\000k}{section.7.2}% 52
\BOOKMARK [1][-]{section.7.3}{\376\377\000P\000O\000S\000\040\000t\000e\000r\000m\000i\000n\000\341\000l\000\040\000a\000l\000k\000a\000l\000m\000a\000z\000\341\000s\000a}{chapter.7}% 53
\BOOKMARK [2][-]{subsection.7.3.1}{\376\377\000G\000P\000S\000\040\000o\000l\000d\000a\000l}{section.7.3}% 54
\BOOKMARK [2][-]{subsection.7.3.2}{\376\377\000J\000e\000g\000y\000s\000z\000k\000e\000n\000n\000e\000l\001\121\000\040\000o\000l\000d\000a\000l}{section.7.3}% 55
\BOOKMARK [0][-]{chapter.8}{\376\377\000A\000\040\000r\000e\000n\000d\000s\000z\000e\000r\000\040\000t\000e\000s\000z\000t\000e\000l\000\351\000s\000e}{}% 56
\BOOKMARK [1][-]{section.8.1}{\376\377\000T\000e\000s\000z\000t\000e\000l\000\351\000s\000i\000\040\000k\000\366\000r\000n\000y\000e\000z\000e\000t}{chapter.8}% 57
\BOOKMARK [1][-]{section.8.2}{\376\377\000F\000u\000n\000k\000c\000i\000o\000n\000\341\000l\000i\000s\000\040\000t\000e\000s\000z\000t\000e\000l\000\351\000s}{chapter.8}% 58
\BOOKMARK [2][-]{subsection.8.2.1}{\376\377\000A\000P\000I\000\040\000v\000\351\000g\000p\000o\000n\000t\000o\000k\000\040\000t\000e\000s\000z\000t\000e\000l\000\351\000s\000e}{section.8.2}% 59
\BOOKMARK [2][-]{subsection.8.2.2}{\376\377\000R\000S\000p\000e\000c\000\040\000T\000e\000s\000z\000t\000e\000l\000\351\000s}{section.8.2}% 60
\BOOKMARK [1][-]{section.8.3}{\376\377\000B\000i\000z\000t\000o\000n\000s\000\341\000g\000i\000\040\000t\000e\000s\000z\000t\000e\000l\000\351\000s}{chapter.8}% 61
\BOOKMARK [2][-]{subsection.8.3.1}{\376\377\000S\000Q\000L\000\040\000I\000n\000j\000e\000c\000t\000i\000o\000n}{section.8.3}% 62
\BOOKMARK [2][-]{subsection.8.3.2}{\376\377\000X\000S\000S\000\040\000\050\000C\000r\000o\000s\000s\000-\000S\000i\000t\000e\000\040\000S\000c\000r\000i\000p\000t\000i\000n\000g\000\051\000\040\000T\000e\000s\000z\000t\000e\000l\000\351\000s}{section.8.3}% 63
\BOOKMARK [2][-]{subsection.8.3.3}{\376\377\000C\000S\000R\000F\000\040\000\050\000C\000r\000o\000s\000s\000-\000S\000i\000t\000e\000\040\000R\000e\000q\000u\000e\000s\000t\000\040\000F\000o\000r\000g\000e\000r\000y\000\051\000\040\000T\000e\000s\000z\000t\000e\000l\000\351\000s}{section.8.3}% 64
\BOOKMARK [2][-]{subsection.8.3.4}{\376\377\000F\000e\000l\000f\000e\000d\000e\000z\000e\000t\000t\000\040\000s\000e\000b\000e\000z\000h\000e\000t\001\121\000s\000\351\000g\000e\000k}{section.8.3}% 65
\BOOKMARK [1][-]{section.8.4}{\376\377\000T\000e\000s\000z\000t\000e\000l\000\351\000s\000\040\000v\000\351\000g\000e\000r\000e\000d\000m\000\351\000n\000y\000e}{chapter.8}% 66
\BOOKMARK [0][-]{chapter.9}{\376\377\000\326\000s\000s\000z\000e\000f\000o\000g\000l\000a\000l\000\341\000s}{}% 67
\BOOKMARK [0][-]{chapter.9}{\376\377\000I\000r\000o\000d\000a\000l\000o\000m\000j\000e\000g\000y\000z\000\351\000k}{}% 68
\BOOKMARK [0][-]{appendix.A}{\376\377\000F\000\374\000g\000g\000e\000l\000\351\000k}{}% 69
