\BOOKMARK [0][-]{chapter.1}{\376\377\000K\000i\000v\000o\000n\000a\000t}{}% 1
\BOOKMARK [0][-]{chapter.2}{\376\377\000B\000e\000v\000e\000z\000e\000t\001\121}{}% 2
\BOOKMARK [0][-]{chapter.3}{\376\377\000C\000\351\000l\000k\000i\000t\001\161\000z\000\351\000s\000e\000k}{}% 3
\BOOKMARK [0][-]{chapter.4}{\376\377\000S\000z\000a\000k\000i\000r\000o\000d\000a\000l\000m\000i\000\040\000t\000a\000n\000u\000l\000m\000\341\000n\000y}{}% 4
\BOOKMARK [1][-]{section.4.1}{\376\377\000L\000\351\000t\000e\000z\001\121\000\040\000m\000e\000g\000o\000l\000d\000\341\000s\000o\000k}{chapter.4}% 5
\BOOKMARK [2][-]{subsection.4.1.1}{\376\377\000M\000o\000o\000v\000i\000t}{section.4.1}% 6
\BOOKMARK [2][-]{subsection.4.1.2}{\376\377\000B\000u\000d\000a\000p\000e\000s\000t\000\040\000G\000o}{section.4.1}% 7
\BOOKMARK [0][-]{chapter.5}{\376\377\000A\000\040\000r\000e\000n\000d\000s\000z\000e\000r\000\040\000s\000p\000e\000c\000i\000f\000i\000k\000\341\000c\000i\000\363\000i}{}% 8
\BOOKMARK [1][-]{section.5.1}{\376\377\000F\000e\000l\000h\000a\000s\000z\000n\000\341\000l\000\363\000i\000\040\000k\000\366\000v\000e\000t\000e\000l\000m\000\351\000n\000y\000e\000k}{chapter.5}% 9
\BOOKMARK [2][-]{subsection.5.1.1}{\376\377\000F\000e\000l\000h\000a\000s\000z\000n\000\341\000l\000\363\000i\000\040\000f\000e\000l\000\374\000l\000e\000t}{section.5.1}% 10
\BOOKMARK [2][-]{subsection.5.1.2}{\376\377\000A\000d\000m\000i\000n\000i\000s\000z\000t\000r\000\341\000t\000o\000r\000i\000\040\000f\000e\000l\000\374\000l\000e\000t}{section.5.1}% 11
\BOOKMARK [1][-]{section.5.2}{\376\377\000R\000e\000n\000d\000s\000z\000e\000r\000k\000\366\000v\000e\000t\000e\000l\000m\000\351\000n\000y\000e\000k}{chapter.5}% 12
\BOOKMARK [2][-]{subsection.5.2.1}{\376\377\000F\000u\000n\000k\000c\000i\000o\000n\000\341\000l\000i\000s\000\040\000k\000\366\000v\000e\000t\000e\000l\000m\000\351\000n\000y\000e\000k}{section.5.2}% 13
\BOOKMARK [2][-]{subsection.5.2.2}{\376\377\000N\000e\000m\000\040\000f\000u\000n\000k\000c\000i\000o\000n\000\341\000l\000i\000s\000\040\000k\000\366\000v\000e\000t\000e\000l\000m\000\351\000n\000y\000e\000k}{section.5.2}% 14
\BOOKMARK [0][-]{chapter.6}{\376\377\000A\000\040\000r\000e\000n\000d\000s\000z\000e\000r\000\040\000a\000r\000c\000h\000i\000t\000e\000k\000t\000\372\000r\000\341\000j\000a}{}% 15
\BOOKMARK [1][-]{section.6.1}{\376\377\000F\000r\000o\000n\000t\000e\000n\000d}{chapter.6}% 16
\BOOKMARK [1][-]{section.6.2}{\376\377\000B\000a\000c\000k\000e\000n\000d}{chapter.6}% 17
\BOOKMARK [1][-]{section.6.3}{\376\377\000K\000o\000m\000m\000u\000n\000i\000k\000\341\000c\000i\000\363}{chapter.6}% 18
\BOOKMARK [1][-]{section.6.4}{\376\377\000F\000e\000l\000h\000a\000s\000z\000n\000\341\000l\000t\000\040\000t\000e\000c\000h\000n\000o\000l\000\363\000g\000i\000\341\000k}{chapter.6}% 19
\BOOKMARK [2][-]{subsection.6.4.1}{\376\377\000F\000r\000o\000n\000t\000e\000n\000d}{section.6.4}% 20
\BOOKMARK [2][-]{subsection.6.4.2}{\376\377\000B\000a\000c\000k\000e\000n\000d}{section.6.4}% 21
\BOOKMARK [1][-]{section.6.5}{\376\377\000F\000e\000j\000l\000e\000s\000z\000t\001\121\000i\000\040\000e\000s\000z\000k\000\366\000z\000\366\000k}{chapter.6}% 22
\BOOKMARK [1][-]{section.6.6}{\376\377\000K\000i\000t\000e\000l\000e\000p\000\355\000t\000\351\000s}{chapter.6}% 23
\BOOKMARK [0][-]{chapter.7}{\376\377\000A\000\040\000f\000e\000l\000h\000a\000s\000z\000n\000\341\000l\000\363\000i\000\040\000f\000e\000l\000\374\000l\000e\000t\000\040\000t\000e\000r\000v\000e\000z\000\351\000s\000e}{}% 24
\BOOKMARK [1][-]{section.7.1}{\376\377\000F\000i\000g\000m\000a\000\040\000t\000e\000r\000v}{chapter.7}% 25
\BOOKMARK [0][-]{chapter.8}{\376\377\000G\000y\000a\000k\000o\000r\000l\000a\000t\000i\000\040\000m\000e\000g\000v\000a\000l\000\363\000s\000\355\000t\000\341\000s}{}% 26
\BOOKMARK [1][-]{section.8.1}{\376\377\000F\000e\000l\000h\000a\000s\000z\000n\000\341\000l\000\363\000i\000\040\000w\000e\000b\000o\000l\000d\000a\000l\000\040\000\351\000s\000\040\000a\000l\000k\000a\000l\000m\000a\000z\000\341\000s}{chapter.8}% 27
\BOOKMARK [2][-]{subsection.8.1.1}{\376\377\000F\001\121\000o\000l\000d\000a\000l}{section.8.1}% 28
\BOOKMARK [2][-]{subsection.8.1.2}{\376\377\000J\000e\000g\000y\000e\000k}{section.8.1}% 29
\BOOKMARK [2][-]{subsection.8.1.3}{\376\377\000M\000e\000n\000e\000t\000r\000e\000n\000d}{section.8.1}% 30
\BOOKMARK [2][-]{subsection.8.1.4}{\376\377\000M\000e\000g\000\341\000l\000l\000\363\000k\000\040\000\351\000s\000\040\000\351\000l\001\121\000\040\000t\000\351\000r\000k\000\351\000p}{section.8.1}% 31
\BOOKMARK [1][-]{section.8.2}{\376\377\000A\000d\000m\000i\000n\000i\000s\000z\000t\000r\000\341\000t\000o\000r\000i\000\040\000w\000e\000b\000o\000l\000d\000a\000l}{chapter.8}% 32
\BOOKMARK [2][-]{subsection.8.2.1}{\376\377\000K\000e\000z\000d\001\121\000o\000l\000d\000a\000l}{section.8.2}% 33
\BOOKMARK [2][-]{subsection.8.2.2}{\376\377\000M\000e\000g\000\341\000l\000l\000\363\000k}{section.8.2}% 34
\BOOKMARK [2][-]{subsection.8.2.3}{\376\377\000\332\000t\000v\000o\000n\000a\000l\000a\000k}{section.8.2}% 35
\BOOKMARK [2][-]{subsection.8.2.4}{\376\377\000M\000e\000n\000e\000t\000r\000e\000n\000d}{section.8.2}% 36
\BOOKMARK [2][-]{subsection.8.2.5}{\376\377\000B\000u\000s\000z\000o\000k\000\040\000\351\000s\000\040\000a\000l\000k\000a\000l\000m\000a\000z\000o\000t\000t\000a\000k}{section.8.2}% 37
\BOOKMARK [0][-]{chapter.9}{\376\377\000\326\000s\000s\000z\000e\000f\000o\000g\000l\000a\000l\000\341\000s}{}% 38
\BOOKMARK [1][-]{section.9.1}{\376\377\000T\000o\000v\000\341\000b\000b\000i\000\040\000f\000e\000j\000l\000e\000s\000z\000t\000\351\000s\000i\000\040\000l\000e\000h\000e\000t\001\121\000s\000\351\000g\000e\000k}{chapter.9}% 39
\BOOKMARK [0][-]{section.9.1}{\376\377\000I\000r\000o\000d\000a\000l\000o\000m\000j\000e\000g\000y\000z\000\351\000k}{}% 40
